// Jest Snapshot v1, https://goo.gl/fbAQLP

exports[`render it 1`] = `
<div>
  <div>
    <div
      class="container-fluid bg-dark text-light"
      style="height: 100vh;"
    >
      <div
        class="row"
      >
        <div
          class="col-12"
        />
      </div>
      <div
        class="row"
      >
        <div
          class="col-12"
        >
          <h1
            class="display-2"
          >
            SEEDS Version 1
          </h1>
        </div>
      </div>
      <div
        class="row align-items-center"
      >
        <div
          align="center"
          class="col-12"
        >
          <form>
            <div
              class="form-group col-3"
            >
              <label
                class="lead fs-2"
              >
                SE Practice:
              </label>
              <div
                class="text-dark css-2b097c-container"
              >
                <span
                  aria-atomic="false"
                  aria-live="polite"
                  aria-relevant="additions text"
                  class="css-1f43avz-a11yText-A11yText"
                />
                <div
                  class=" css-yk16xz-control"
                >
                  <div
                    class=" css-g1d714-ValueContainer"
                  >
                    <div
                      class=" css-1wa3eu0-placeholder"
                    >
                      Select...
                    </div>
                    <div
                      class="css-b8ldur-Input"
                    >
                      <div
                        class=""
                        style="display: inline-block;"
                      >
                        <input
                          aria-autocomplete="list"
                          autocapitalize="none"
                          autocomplete="off"
                          autocorrect="off"
                          id="react-select-2-input"
                          spellcheck="false"
                          style="box-sizing: content-box; width: 2px; border: 0px; opacity: 1; outline: 0; padding: 0px;"
                          tabindex="0"
                          type="text"
                          value=""
                        />
                        <div
                          style="position: absolute; top: 0px; left: 0px; visibility: hidden; height: 0px; overflow: scroll; white-space: pre; font-family: -webkit-small-control; letter-spacing: normal; text-transform: none;"
                        />
                      </div>
                    </div>
                  </div>
                  <div
                    class=" css-1hb7zxy-IndicatorsContainer"
                  >
                    <span
                      class=" css-1okebmr-indicatorSeparator"
                    />
                    <div
                      aria-hidden="true"
                      class=" css-tlfecz-indicatorContainer"
                    >
                      <svg
                        aria-hidden="true"
                        class="css-tj5bde-Svg"
                        focusable="false"
                        height="20"
                        viewBox="0 0 20 20"
                        width="20"
                      >
                        <path
                          d="M4.516 7.548c0.436-0.446 1.043-0.481 1.576 0l3.908 3.747 3.908-3.747c0.533-0.481 1.141-0.446 1.574 0 0.436 0.445 0.408 1.197 0 1.615-0.406 0.418-4.695 4.502-4.695 4.502-0.217 0.223-0.502 0.335-0.787 0.335s-0.57-0.112-0.789-0.335c0 0-4.287-4.084-4.695-4.502s-0.436-1.17 0-1.615z"
                        />
                      </svg>
                    </div>
                  </div>
                </div>
              </div>
              <br />
              <label
                class="lead fs-2"
              >
                Claim:
              </label>
              <div
                class="text-dark css-2b097c-container"
              >
                <span
                  aria-atomic="false"
                  aria-live="polite"
                  aria-relevant="additions text"
                  class="css-1f43avz-a11yText-A11yText"
                />
                <div
                  class=" css-yk16xz-control"
                >
                  <div
                    class=" css-g1d714-ValueContainer"
                  >
                    <div
                      class=" css-1wa3eu0-placeholder"
                    >
                      Select...
                    </div>
                    <div
                      class="css-b8ldur-Input"
                    >
                      <div
                        class=""
                        style="display: inline-block;"
                      >
                        <input
                          aria-autocomplete="list"
                          autocapitalize="none"
                          autocomplete="off"
                          autocorrect="off"
                          id="react-select-3-input"
                          spellcheck="false"
                          style="box-sizing: content-box; width: 2px; border: 0px; opacity: 1; outline: 0; padding: 0px;"
                          tabindex="0"
                          type="text"
                          value=""
                        />
                        <div
                          style="position: absolute; top: 0px; left: 0px; visibility: hidden; height: 0px; overflow: scroll; white-space: pre; font-family: -webkit-small-control; letter-spacing: normal; text-transform: none;"
                        />
                      </div>
                    </div>
                  </div>
                  <div
                    class=" css-1hb7zxy-IndicatorsContainer"
                  >
                    <span
                      class=" css-1okebmr-indicatorSeparator"
                    />
                    <div
                      aria-hidden="true"
                      class=" css-tlfecz-indicatorContainer"
                    >
                      <svg
                        aria-hidden="true"
                        class="css-tj5bde-Svg"
                        focusable="false"
                        height="20"
                        viewBox="0 0 20 20"
                        width="20"
                      >
                        <path
                          d="M4.516 7.548c0.436-0.446 1.043-0.481 1.576 0l3.908 3.747 3.908-3.747c0.533-0.481 1.141-0.446 1.574 0 0.436 0.445 0.408 1.197 0 1.615-0.406 0.418-4.695 4.502-4.695 4.502-0.217 0.223-0.502 0.335-0.787 0.335s-0.57-0.112-0.789-0.335c0 0-4.287-4.084-4.695-4.502s-0.436-1.17 0-1.615z"
                        />
                      </svg>
                    </div>
                  </div>
                </div>
              </div>
              <br />
              <label
                class="lead fs-2"
              >
                Year Range:
              </label>
              <input
                class="form-control"
                maxlength="4"
                name="startYear"
                placeholder="Start Year e.g. 2000"
                type="text"
              />
              <input
                class="form-control"
                maxlength="4"
                name="endYear"
                placeholder="End Year e.g. 2010"
                type="text"
              />
              <button
                class="btn btn-default bg-dark text-light border border-light mt-3"
                type="submit"
              >
                Search
              </button>
              <a
                class="btn btn-outline-info btn-lg btn-block"
                href="/show-results"
              >
                View Results
              </a>
            </div>
          </form>
        </div>
        <div />
      </div>
    </div>
  </div>
</div>
`;
